student@T13:~$ cd aryagit
student@T13:~/aryagit$  git config --global user.name "aryalekshmi8s"
student@T13:~/aryagit$  git config --global user.email "aryalechu@123"
student@T13:~/aryagit$ git init labrepo
Initialized empty Git repository in /home/student/aryagit/labrepo/.git/
student@T13:~/aryagit$ gedit myfile.txt
student@T13:~/aryagit$ ls
labrepo  mine.txt  myfile.txt  new.txt
student@T13:~/aryagit$ git add myfile.txt
student@T13:~/aryagit$ git commit -m "first commit"
[new2 23aa1d1] first commit
 1 file changed, 1 insertion(+)
 create mode 100644 myfile.txt
student@T13:~/aryagit$ git remote add origin https://github.com/Aryalekshmi8s/demo.git
fatal: remote origin already exists.
student@T13:~/aryagit$ git remote add org https://github.com/Aryalekshmi8s/demo.git
student@T13:~/aryagit$ git push org master
Username for 'https://github.com': aryalekshmi8s
Password for 'https://aryalekshmi8s@github.com': 
Counting objects: 3, done.
Writing objects: 100% (3/3), 240 bytes | 240.00 KiB/s, done.
Total 3 (delta 0), reused 0 (delta 0)
To https://github.com/Aryalekshmi8s/demo.git
 * [new branch]      master -> master
student@T13:~/aryagit$ git branch lab_branch
student@T13:~/aryagit$ ls
labrepo  mine.txt  myfile.txt  new.txt
student@T13:~/aryagit$ git status
On branch new2
Untracked files:
  (use "git add <file>..." to include in what will be committed)

	mine.txt

nothing added to commit but untracked files present (use "git add" to track)
student@T13:~/aryagit$ git checkout master
Switched to branch 'master'
student@T13:~/aryagit$ git status
On branch master
Untracked files:
  (use "git add <file>..." to include in what will be committed)

	mine.txt

nothing added to commit but untracked files present (use "git add" to track)
student@T13:~/aryagit$ git branch
  lab_branch
* master
  new2
  newbranch
student@T13:~/aryagit$ git push org lab_branch
Username for 'https://github.com': aryalekshmi8s
Password for 'https://aryalekshmi8s@github.com': 
Counting objects: 3, done.
Delta compression using up to 4 threads.
Compressing objects: 100% (2/2), done.
Writing objects: 100% (3/3), 282 bytes | 282.00 KiB/s, done.
Total 3 (delta 0), reused 0 (delta 0)
remote: 
remote: Create a pull request for 'lab_branch' on GitHub by visiting:
remote:      https://github.com/Aryalekshmi8s/demo/pull/new/lab_branch
remote: 
To https://github.com/Aryalekshmi8s/demo.git
 * [new branch]      lab_branch -> lab_branch
student@T13:~/aryagit$ git log
commit 3e4adfc9fc92fadf3080498aa880c985da2e7136 (HEAD -> master, origin/newbranch, org/master, newbranch)
Author: Hellgirl-Arya <aryab@mca.ajce.in>
Date:   Thu Apr 11 14:39:18 2019 +0530

    my first commit
student@T13:~/aryagit$ git pull org master
From https://github.com/Aryalekshmi8s/demo
 * branch            master     -> FETCH_HEAD
Already up to date.
student@T13:~/aryagit$ git clone https://github.com/Aryalekshmi8s/demo.git
Cloning into 'demo'...
remote: Enumerating objects: 6, done.
remote: Counting objects: 100% (6/6), done.
remote: Compressing objects: 100% (3/3), done.
remote: Total 6 (delta 0), reused 6 (delta 0), pack-reused 0
Unpacking objects: 100% (6/6), done.
student@T13:~/aryagit$ git branch
  lab_branch
* master
  new2
  newbranch
student@T13:~/aryagit$ git push org master
Username for 'https://github.com': aryalekshmi8s
Password for 'https://aryalekshmi8s@github.com': 
Everything up-to-date
student@T13:~/aryagit$ git fetch org lab_branch
From https://github.com/Aryalekshmi8s/demo
 * branch            lab_branch -> FETCH_HEAD
student@T13:~/aryagit$ git merge org/lab_branch
Updating 3e4adfc..23aa1d1
Fast-forward
 myfile.txt | 1 +
 1 file changed, 1 insertion(+)
 create mode 100644 myfile.txt
student@T13:~/aryagit$ git branch delbranch
student@T13:~/aryagit$ git branch
  delbranch
  lab_branch
* master
  new2
  newbranch
student@T13:~/aryagit$ git push org delbranch
Username for 'https://github.com': aryalekshmi8s
Password for 'https://aryalekshmi8s@github.com': 
Total 0 (delta 0), reused 0 (delta 0)
remote: 
remote: Create a pull request for 'delbranch' on GitHub by visiting:
remote:      https://github.com/Aryalekshmi8s/demo/pull/new/delbranch
remote: 
To https://github.com/Aryalekshmi8s/demo.git
 * [new branch]      delbranch -> delbranch
student@T13:~/aryagit$ git branch -d delbranch
Deleted branch delbranch (was 23aa1d1).
student@T13:~/aryagit$ git rebase -i lab_branch
Successfully rebased and updated refs/heads/master.
student@T13:~/aryagit$ git revert HEAD
[master b0a2af5] Revert "first commit"
 1 file changed, 1 deletion(-)
 delete mode 100644 myfile.txt
student@T13:~/aryagit$ 

